gex-engine-1
API connection failed: ConnectionRefusedError(22, 'Vzd·len˝ poËÌtaË odmÌtl sÌùovÈ p¯ipojenÌ', None, 1225, None)
Make sure API port on TWS/IBG is open
Traceback (most recent call last):
  File "D:\Documents\Visual Studio Code\GEX\scripts\lines_probe.py", line 119, in <module>
    asyncio.run(main())
  File "C:\Users\kEchi\AppData\Roaming\uv\python\cpython-3.12-windows-x86_64-none\Lib\asyncio\runners.py", line 195, in run
    return runner.run(main)
           ^^^^^^^^^^^^^^^^
  File "C:\Users\kEchi\AppData\Roaming\uv\python\cpython-3.12-windows-x86_64-none\Lib\asyncio\runners.py", line 118, in run
    return self._loop.run_until_complete(task)
           ^^^^^^^^^^^^^^^^^^^^^^^^^^^^^^^^^^^
  File "C:\Users\kEchi\AppData\Roaming\uv\python\cpython-3.12-windows-x86_64-none\Lib\asyncio\base_events.py", line 691, in run_until_complete
    return future.result()
           ^^^^^^^^^^^^^^^
  File "D:\Documents\Visual Studio Code\GEX\scripts\lines_probe.py", line 58, in main
    await ib.connectAsync(HOST, PORT, clientId=CLIENT_ID, timeout=15)
  File "D:\Documents\Visual Studio Code\GEX\.venv\Lib\site-packages\ib_async\ib.py", line 2043, in connectAsync
    await self.client.connectAsync(host, port, clientId, timeout)
  File "D:\Documents\Visual Studio Code\GEX\.venv\Lib\site-packages\ib_async\client.py", line 216, in connectAsync
    await asyncio.wait_for(self.conn.connectAsync(host, port), timeout)
  File "C:\Users\kEchi\AppData\Roaming\uv\python\cpython-3.12-windows-x86_64-none\Lib\asyncio\tasks.py", line 520, in wait_for
    return await fut
           ^^^^^^^^^
  File "D:\Documents\Visual Studio Code\GEX\.venv\Lib\site-packages\ib_async\connection.py", line 38, in connectAsync
    self.transport, _ = await loop.create_connection(lambda: self, host, port)
                        ^^^^^^^^^^^^^^^^^^^^^^^^^^^^^^^^^^^^^^^^^^^^^^^^^^^^^^
  File "C:\Users\kEchi\AppData\Roaming\uv\python\cpython-3.12-windows-x86_64-none\Lib\asyncio\base_events.py", line 1132, in create_connection
    raise exceptions[0]
  File "C:\Users\kEchi\AppData\Roaming\uv\python\cpython-3.12-windows-x86_64-none\Lib\asyncio\base_events.py", line 1107, in create_connection
    sock = await self._connect_sock(
           ^^^^^^^^^^^^^^^^^^^^^^^^^
  File "C:\Users\kEchi\AppData\Roaming\uv\python\cpython-3.12-windows-x86_64-none\Lib\asyncio\base_events.py", line 1010, in _connect_sock
    await self.sock_connect(sock, address)
  File "C:\Users\kEchi\AppData\Roaming\uv\python\cpython-3.12-windows-x86_64-none\Lib\asyncio\proactor_events.py", line 729, in sock_connect
    return await self._proactor.connect(sock, address)
           ^^^^^^^^^^^^^^^^^^^^^^^^^^^^^^^^^^^^^^^^^^^
  File "C:\Users\kEchi\AppData\Roaming\uv\python\cpython-3.12-windows-x86_64-none\Lib\asyncio\windows_events.py", line 803, in _poll
    value = callback(transferred, key, ov)
            ^^^^^^^^^^^^^^^^^^^^^^^^^^^^^^
  File "C:\Users\kEchi\AppData\Roaming\uv\python\cpython-3.12-windows-x86_64-none\Lib\asyncio\windows_events.py", line 599, in finish_connect
    ov.getresult()
ConnectionRefusedError: [WinError 1225] Vzd·len˝ poËÌtaË odmÌtl sÌùovÈ p¯ipojenÌ
gex-engine-1
hotovo 27.08.2026 23:00:19,47 
