open orders request timed out
completed orders request timed out
Error 200, reqId 8: No security definition has been found for the request, contract: Contract(secType='FOP', symbol='ES', lastTradeDateOrContractMonth='20260918', strike=7745.0, right='C', multiplier='50', exchange='CME', tradingClass='ES')
Error 200, reqId 12: No security definition has been found for the request, contract: Contract(secType='FOP', symbol='ES', lastTradeDateOrContractMonth='20260918', strike=7755.0, right='C', multiplier='50', exchange='CME', tradingClass='ES')
Error 200, reqId 13: No security definition has been found for the request, contract: Contract(secType='FOP', symbol='ES', lastTradeDateOrContractMonth='20260918', strike=7715.0, right='P', multiplier='50', exchange='CME', tradingClass='ES')
Error 200, reqId 16: No security definition has been found for the request, contract: Contract(secType='FOP', symbol='ES', lastTradeDateOrContractMonth='20260918', strike=7765.0, right='C', multiplier='50', exchange='CME', tradingClass='ES')
Error 200, reqId 17: No security definition has been found for the request, contract: Contract(secType='FOP', symbol='ES', lastTradeDateOrContractMonth='20260918', strike=7705.0, right='P', multiplier='50', exchange='CME', tradingClass='ES')
Error 200, reqId 21: No security definition has been found for the request, contract: Contract(secType='FOP', symbol='ES', lastTradeDateOrContractMonth='20260918', strike=7695.0, right='P', multiplier='50', exchange='CME', tradingClass='ES')
Error 200, reqId 24: No security definition has been found for the request, contract: Contract(secType='FOP', symbol='ES', lastTradeDateOrContractMonth='20260918', strike=7785.0, right='C', multiplier='50', exchange='CME', tradingClass='ES')
Error 200, reqId 25: No security definition has been found for the request, contract: Contract(secType='FOP', symbol='ES', lastTradeDateOrContractMonth='20260918', strike=7685.0, right='P', multiplier='50', exchange='CME', tradingClass='ES')
Error 200, reqId 28: No security definition has been found for the request, contract: Contract(secType='FOP', symbol='ES', lastTradeDateOrContractMonth='20260918', strike=7795.0, right='C', multiplier='50', exchange='CME', tradingClass='ES')
Error 200, reqId 32: No security definition has been found for the request, contract: Contract(secType='FOP', symbol='ES', lastTradeDateOrContractMonth='20260918', strike=7805.0, right='C', multiplier='50', exchange='CME', tradingClass='ES')
Error 200, reqId 33: No security definition has been found for the request, contract: Contract(secType='FOP', symbol='ES', lastTradeDateOrContractMonth='20260918', strike=7665.0, right='P', multiplier='50', exchange='CME', tradingClass='ES')
Error 200, reqId 36: No security definition has been found for the request, contract: Contract(secType='FOP', symbol='ES', lastTradeDateOrContractMonth='20260918', strike=7815.0, right='C', multiplier='50', exchange='CME', tradingClass='ES')
Error 200, reqId 37: No security definition has been found for the request, contract: Contract(secType='FOP', symbol='ES', lastTradeDateOrContractMonth='20260918', strike=7655.0, right='P', multiplier='50', exchange='CME', tradingClass='ES')
Error 200, reqId 41: No security definition has been found for the request, contract: Contract(secType='FOP', symbol='ES', lastTradeDateOrContractMonth='20260918', strike=7645.0, right='P', multiplier='50', exchange='CME', tradingClass='ES')
Error 200, reqId 45: No security definition has been found for the request, contract: Contract(secType='FOP', symbol='ES', lastTradeDateOrContractMonth='20260918', strike=7635.0, right='P', multiplier='50', exchange='CME', tradingClass='ES')
Error 200, reqId 48: No security definition has been found for the request, contract: Contract(secType='FOP', symbol='ES', lastTradeDateOrContractMonth='20260918', strike=7845.0, right='C', multiplier='50', exchange='CME', tradingClass='ES')
Error 200, reqId 52: No security definition has been found for the request, contract: Contract(secType='FOP', symbol='ES', lastTradeDateOrContractMonth='20260918', strike=7855.0, right='C', multiplier='50', exchange='CME', tradingClass='ES')
Error 200, reqId 53: No security definition has been found for the request, contract: Contract(secType='FOP', symbol='ES', lastTradeDateOrContractMonth='20260918', strike=7615.0, right='P', multiplier='50', exchange='CME', tradingClass='ES')
Error 200, reqId 56: No security definition has been found for the request, contract: Contract(secType='FOP', symbol='ES', lastTradeDateOrContractMonth='20260918', strike=7865.0, right='C', multiplier='50', exchange='CME', tradingClass='ES')
Error 200, reqId 57: No security definition has been found for the request, contract: Contract(secType='FOP', symbol='ES', lastTradeDateOrContractMonth='20260918', strike=7605.0, right='P', multiplier='50', exchange='CME', tradingClass='ES')
Error 200, reqId 61: No security definition has been found for the request, contract: Contract(secType='FOP', symbol='ES', lastTradeDateOrContractMonth='20260918', strike=7595.0, right='P', multiplier='50', exchange='CME', tradingClass='ES')
Error 200, reqId 64: No security definition has been found for the request, contract: Contract(secType='FOP', symbol='ES', lastTradeDateOrContractMonth='20260918', strike=7885.0, right='C', multiplier='50', exchange='CME', tradingClass='ES')
Error 200, reqId 65: No security definition has been found for the request, contract: Contract(secType='FOP', symbol='ES', lastTradeDateOrContractMonth='20260918', strike=7585.0, right='P', multiplier='50', exchange='CME', tradingClass='ES')
Error 200, reqId 68: No security definition has been found for the request, contract: Contract(secType='FOP', symbol='ES', lastTradeDateOrContractMonth='20260918', strike=7895.0, right='C', multiplier='50', exchange='CME', tradingClass='ES')
Error 200, reqId 72: No security definition has been found for the request, contract: Contract(secType='FOP', symbol='ES', lastTradeDateOrContractMonth='20260918', strike=7905.0, right='C', multiplier='50', exchange='CME', tradingClass='ES')
Error 200, reqId 73: No security definition has been found for the request, contract: Contract(secType='FOP', symbol='ES', lastTradeDateOrContractMonth='20260918', strike=7565.0, right='P', multiplier='50', exchange='CME', tradingClass='ES')
Error 200, reqId 76: No security definition has been found for the request, contract: Contract(secType='FOP', symbol='ES', lastTradeDateOrContractMonth='20260918', strike=7915.0, right='C', multiplier='50', exchange='CME', tradingClass='ES')
Error 200, reqId 77: No security definition has been found for the request, contract: Contract(secType='FOP', symbol='ES', lastTradeDateOrContractMonth='20260918', strike=7555.0, right='P', multiplier='50', exchange='CME', tradingClass='ES')
Error 200, reqId 81: No security definition has been found for the request, contract: Contract(secType='FOP', symbol='ES', lastTradeDateOrContractMonth='20260918', strike=7545.0, right='P', multiplier='50', exchange='CME', tradingClass='ES')
Error 200, reqId 84: No security definition has been found for the request, contract: Contract(secType='FOP', symbol='ES', lastTradeDateOrContractMonth='20260918', strike=7935.0, right='C', multiplier='50', exchange='CME', tradingClass='ES')
Error 200, reqId 85: No security definition has been found for the request, contract: Contract(secType='FOP', symbol='ES', lastTradeDateOrContractMonth='20260918', strike=7535.0, right='P', multiplier='50', exchange='CME', tradingClass='ES')
Error 200, reqId 88: No security definition has been found for the request, contract: Contract(secType='FOP', symbol='ES', lastTradeDateOrContractMonth='20260918', strike=7945.0, right='C', multiplier='50', exchange='CME', tradingClass='ES')
Error 200, reqId 92: No security definition has been found for the request, contract: Contract(secType='FOP', symbol='ES', lastTradeDateOrContractMonth='20260918', strike=7955.0, right='C', multiplier='50', exchange='CME', tradingClass='ES')
Error 200, reqId 93: No security definition has been found for the request, contract: Contract(secType='FOP', symbol='ES', lastTradeDateOrContractMonth='20260918', strike=7515.0, right='P', multiplier='50', exchange='CME', tradingClass='ES')
Error 200, reqId 96: No security definition has been found for the request, contract: Contract(secType='FOP', symbol='ES', lastTradeDateOrContractMonth='20260918', strike=7965.0, right='C', multiplier='50', exchange='CME', tradingClass='ES')
Error 200, reqId 97: No security definition has been found for the request, contract: Contract(secType='FOP', symbol='ES', lastTradeDateOrContractMonth='20260918', strike=7505.0, right='P', multiplier='50', exchange='CME', tradingClass='ES')
Error 200, reqId 101: No security definition has been found for the request, contract: Contract(secType='FOP', symbol='ES', lastTradeDateOrContractMonth='20260918', strike=7495.0, right='P', multiplier='50', exchange='CME', tradingClass='ES')
Error 200, reqId 104: No security definition has been found for the request, contract: Contract(secType='FOP', symbol='ES', lastTradeDateOrContractMonth='20260918', strike=7985.0, right='C', multiplier='50', exchange='CME', tradingClass='ES')
Error 200, reqId 105: No security definition has been found for the request, contract: Contract(secType='FOP', symbol='ES', lastTradeDateOrContractMonth='20260918', strike=7485.0, right='P', multiplier='50', exchange='CME', tradingClass='ES')
Error 200, reqId 108: No security definition has been found for the request, contract: Contract(secType='FOP', symbol='ES', lastTradeDateOrContractMonth='20260918', strike=7995.0, right='C', multiplier='50', exchange='CME', tradingClass='ES')
Error 200, reqId 112: No security definition has been found for the request, contract: Contract(secType='FOP', symbol='ES', lastTradeDateOrContractMonth='20260918', strike=8005.0, right='C', multiplier='50', exchange='CME', tradingClass='ES')
Error 200, reqId 113: No security definition has been found for the request, contract: Contract(secType='FOP', symbol='ES', lastTradeDateOrContractMonth='20260918', strike=7465.0, right='P', multiplier='50', exchange='CME', tradingClass='ES')
Error 200, reqId 116: No security definition has been found for the request, contract: Contract(secType='FOP', symbol='ES', lastTradeDateOrContractMonth='20260918', strike=8015.0, right='C', multiplier='50', exchange='CME', tradingClass='ES')
Error 200, reqId 117: No security definition has been found for the request, contract: Contract(secType='FOP', symbol='ES', lastTradeDateOrContractMonth='20260918', strike=7455.0, right='P', multiplier='50', exchange='CME', tradingClass='ES')
Error 200, reqId 121: No security definition has been found for the request, contract: Contract(secType='FOP', symbol='ES', lastTradeDateOrContractMonth='20260918', strike=7445.0, right='P', multiplier='50', exchange='CME', tradingClass='ES')
Error 200, reqId 124: No security definition has been found for the request, contract: Contract(secType='FOP', symbol='ES', lastTradeDateOrContractMonth='20260918', strike=8035.0, right='C', multiplier='50', exchange='CME', tradingClass='ES')
Error 200, reqId 125: No security definition has been found for the request, contract: Contract(secType='FOP', symbol='ES', lastTradeDateOrContractMonth='20260918', strike=7435.0, right='P', multiplier='50', exchange='CME', tradingClass='ES')
Error 200, reqId 128: No security definition has been found for the request, contract: Contract(secType='FOP', symbol='ES', lastTradeDateOrContractMonth='20260918', strike=8045.0, right='C', multiplier='50', exchange='CME', tradingClass='ES')
Error 200, reqId 132: No security definition has been found for the request, contract: Contract(secType='FOP', symbol='ES', lastTradeDateOrContractMonth='20260918', strike=8055.0, right='C', multiplier='50', exchange='CME', tradingClass='ES')
Error 200, reqId 133: No security definition has been found for the request, contract: Contract(secType='FOP', symbol='ES', lastTradeDateOrContractMonth='20260918', strike=7415.0, right='P', multiplier='50', exchange='CME', tradingClass='ES')
Unknown contract: Contract(secType='FOP', symbol='ES', lastTradeDateOrContractMonth='20260918', strike=7745.0, right='C', multiplier='50', exchange='CME', tradingClass='ES')
Unknown contract: Contract(secType='FOP', symbol='ES', lastTradeDateOrContractMonth='20260918', strike=7755.0, right='C', multiplier='50', exchange='CME', tradingClass='ES')
Unknown contract: Contract(secType='FOP', symbol='ES', lastTradeDateOrContractMonth='20260918', strike=7715.0, right='P', multiplier='50', exchange='CME', tradingClass='ES')
Unknown contract: Contract(secType='FOP', symbol='ES', lastTradeDateOrContractMonth='20260918', strike=7765.0, right='C', multiplier='50', exchange='CME', tradingClass='ES')
Unknown contract: Contract(secType='FOP', symbol='ES', lastTradeDateOrContractMonth='20260918', strike=7705.0, right='P', multiplier='50', exchange='CME', tradingClass='ES')
Unknown contract: Contract(secType='FOP', symbol='ES', lastTradeDateOrContractMonth='20260918', strike=7695.0, right='P', multiplier='50', exchange='CME', tradingClass='ES')
Unknown contract: Contract(secType='FOP', symbol='ES', lastTradeDateOrContractMonth='20260918', strike=7785.0, right='C', multiplier='50', exchange='CME', tradingClass='ES')
Unknown contract: Contract(secType='FOP', symbol='ES', lastTradeDateOrContractMonth='20260918', strike=7685.0, right='P', multiplier='50', exchange='CME', tradingClass='ES')
Unknown contract: Contract(secType='FOP', symbol='ES', lastTradeDateOrContractMonth='20260918', strike=7795.0, right='C', multiplier='50', exchange='CME', tradingClass='ES')
Unknown contract: Contract(secType='FOP', symbol='ES', lastTradeDateOrContractMonth='20260918', strike=7805.0, right='C', multiplier='50', exchange='CME', tradingClass='ES')
Unknown contract: Contract(secType='FOP', symbol='ES', lastTradeDateOrContractMonth='20260918', strike=7665.0, right='P', multiplier='50', exchange='CME', tradingClass='ES')
Unknown contract: Contract(secType='FOP', symbol='ES', lastTradeDateOrContractMonth='20260918', strike=7815.0, right='C', multiplier='50', exchange='CME', tradingClass='ES')
Unknown contract: Contract(secType='FOP', symbol='ES', lastTradeDateOrContractMonth='20260918', strike=7655.0, right='P', multiplier='50', exchange='CME', tradingClass='ES')
Unknown contract: Contract(secType='FOP', symbol='ES', lastTradeDateOrContractMonth='20260918', strike=7645.0, right='P', multiplier='50', exchange='CME', tradingClass='ES')
Unknown contract: Contract(secType='FOP', symbol='ES', lastTradeDateOrContractMonth='20260918', strike=7635.0, right='P', multiplier='50', exchange='CME', tradingClass='ES')
Unknown contract: Contract(secType='FOP', symbol='ES', lastTradeDateOrContractMonth='20260918', strike=7845.0, right='C', multiplier='50', exchange='CME', tradingClass='ES')
Unknown contract: Contract(secType='FOP', symbol='ES', lastTradeDateOrContractMonth='20260918', strike=7855.0, right='C', multiplier='50', exchange='CME', tradingClass='ES')
Unknown contract: Contract(secType='FOP', symbol='ES', lastTradeDateOrContractMonth='20260918', strike=7615.0, right='P', multiplier='50', exchange='CME', tradingClass='ES')
Unknown contract: Contract(secType='FOP', symbol='ES', lastTradeDateOrContractMonth='20260918', strike=7865.0, right='C', multiplier='50', exchange='CME', tradingClass='ES')
Unknown contract: Contract(secType='FOP', symbol='ES', lastTradeDateOrContractMonth='20260918', strike=7605.0, right='P', multiplier='50', exchange='CME', tradingClass='ES')
Unknown contract: Contract(secType='FOP', symbol='ES', lastTradeDateOrContractMonth='20260918', strike=7595.0, right='P', multiplier='50', exchange='CME', tradingClass='ES')
Unknown contract: Contract(secType='FOP', symbol='ES', lastTradeDateOrContractMonth='20260918', strike=7885.0, right='C', multiplier='50', exchange='CME', tradingClass='ES')
Unknown contract: Contract(secType='FOP', symbol='ES', lastTradeDateOrContractMonth='20260918', strike=7585.0, right='P', multiplier='50', exchange='CME', tradingClass='ES')
Unknown contract: Contract(secType='FOP', symbol='ES', lastTradeDateOrContractMonth='20260918', strike=7895.0, right='C', multiplier='50', exchange='CME', tradingClass='ES')
Unknown contract: Contract(secType='FOP', symbol='ES', lastTradeDateOrContractMonth='20260918', strike=7905.0, right='C', multiplier='50', exchange='CME', tradingClass='ES')
Unknown contract: Contract(secType='FOP', symbol='ES', lastTradeDateOrContractMonth='20260918', strike=7565.0, right='P', multiplier='50', exchange='CME', tradingClass='ES')
Unknown contract: Contract(secType='FOP', symbol='ES', lastTradeDateOrContractMonth='20260918', strike=7915.0, right='C', multiplier='50', exchange='CME', tradingClass='ES')
Unknown contract: Contract(secType='FOP', symbol='ES', lastTradeDateOrContractMonth='20260918', strike=7555.0, right='P', multiplier='50', exchange='CME', tradingClass='ES')
Unknown contract: Contract(secType='FOP', symbol='ES', lastTradeDateOrContractMonth='20260918', strike=7545.0, right='P', multiplier='50', exchange='CME', tradingClass='ES')
Unknown contract: Contract(secType='FOP', symbol='ES', lastTradeDateOrContractMonth='20260918', strike=7935.0, right='C', multiplier='50', exchange='CME', tradingClass='ES')
Unknown contract: Contract(secType='FOP', symbol='ES', lastTradeDateOrContractMonth='20260918', strike=7535.0, right='P', multiplier='50', exchange='CME', tradingClass='ES')
Unknown contract: Contract(secType='FOP', symbol='ES', lastTradeDateOrContractMonth='20260918', strike=7945.0, right='C', multiplier='50', exchange='CME', tradingClass='ES')
Unknown contract: Contract(secType='FOP', symbol='ES', lastTradeDateOrContractMonth='20260918', strike=7955.0, right='C', multiplier='50', exchange='CME', tradingClass='ES')
Unknown contract: Contract(secType='FOP', symbol='ES', lastTradeDateOrContractMonth='20260918', strike=7515.0, right='P', multiplier='50', exchange='CME', tradingClass='ES')
Unknown contract: Contract(secType='FOP', symbol='ES', lastTradeDateOrContractMonth='20260918', strike=7965.0, right='C', multiplier='50', exchange='CME', tradingClass='ES')
Unknown contract: Contract(secType='FOP', symbol='ES', lastTradeDateOrContractMonth='20260918', strike=7505.0, right='P', multiplier='50', exchange='CME', tradingClass='ES')
Unknown contract: Contract(secType='FOP', symbol='ES', lastTradeDateOrContractMonth='20260918', strike=7495.0, right='P', multiplier='50', exchange='CME', tradingClass='ES')
Unknown contract: Contract(secType='FOP', symbol='ES', lastTradeDateOrContractMonth='20260918', strike=7985.0, right='C', multiplier='50', exchange='CME', tradingClass='ES')
Unknown contract: Contract(secType='FOP', symbol='ES', lastTradeDateOrContractMonth='20260918', strike=7485.0, right='P', multiplier='50', exchange='CME', tradingClass='ES')
Unknown contract: Contract(secType='FOP', symbol='ES', lastTradeDateOrContractMonth='20260918', strike=7995.0, right='C', multiplier='50', exchange='CME', tradingClass='ES')
Unknown contract: Contract(secType='FOP', symbol='ES', lastTradeDateOrContractMonth='20260918', strike=8005.0, right='C', multiplier='50', exchange='CME', tradingClass='ES')
Unknown contract: Contract(secType='FOP', symbol='ES', lastTradeDateOrContractMonth='20260918', strike=7465.0, right='P', multiplier='50', exchange='CME', tradingClass='ES')
Unknown contract: Contract(secType='FOP', symbol='ES', lastTradeDateOrContractMonth='20260918', strike=8015.0, right='C', multiplier='50', exchange='CME', tradingClass='ES')
Unknown contract: Contract(secType='FOP', symbol='ES', lastTradeDateOrContractMonth='20260918', strike=7455.0, right='P', multiplier='50', exchange='CME', tradingClass='ES')
Unknown contract: Contract(secType='FOP', symbol='ES', lastTradeDateOrContractMonth='20260918', strike=7445.0, right='P', multiplier='50', exchange='CME', tradingClass='ES')
Unknown contract: Contract(secType='FOP', symbol='ES', lastTradeDateOrContractMonth='20260918', strike=8035.0, right='C', multiplier='50', exchange='CME', tradingClass='ES')
Unknown contract: Contract(secType='FOP', symbol='ES', lastTradeDateOrContractMonth='20260918', strike=7435.0, right='P', multiplier='50', exchange='CME', tradingClass='ES')
Unknown contract: Contract(secType='FOP', symbol='ES', lastTradeDateOrContractMonth='20260918', strike=8045.0, right='C', multiplier='50', exchange='CME', tradingClass='ES')
Unknown contract: Contract(secType='FOP', symbol='ES', lastTradeDateOrContractMonth='20260918', strike=8055.0, right='C', multiplier='50', exchange='CME', tradingClass='ES')
Unknown contract: Contract(secType='FOP', symbol='ES', lastTradeDateOrContractMonth='20260918', strike=7415.0, right='P', multiplier='50', exchange='CME', tradingClass='ES')
Výsledek: D:\Documents\Visual Studio Code\GEX\scripts\lines_probe_result.txt
Traceback (most recent call last):
  File "D:\Documents\Visual Studio Code\GEX\scripts\lines_probe.py", line 119, in <module>
    asyncio.run(main())
  File "C:\Users\kEchi\AppData\Roaming\uv\python\cpython-3.12-windows-x86_64-none\Lib\asyncio\runners.py", line 195, in run
    return runner.run(main)
           ^^^^^^^^^^^^^^^^
  File "C:\Users\kEchi\AppData\Roaming\uv\python\cpython-3.12-windows-x86_64-none\Lib\asyncio\runners.py", line 118, in run
    return self._loop.run_until_complete(task)
           ^^^^^^^^^^^^^^^^^^^^^^^^^^^^^^^^^^^
  File "C:\Users\kEchi\AppData\Roaming\uv\python\cpython-3.12-windows-x86_64-none\Lib\asyncio\base_events.py", line 691, in run_until_complete
    return future.result()
           ^^^^^^^^^^^^^^^
  File "D:\Documents\Visual Studio Code\GEX\scripts\lines_probe.py", line 103, in main
    print(lines[-1])
  File "C:\Users\kEchi\AppData\Roaming\uv\python\cpython-3.12-windows-x86_64-none\Lib\encodings\cp1250.py", line 19, in encode
    return codecs.charmap_encode(input,self.errors,encoding_table)[0]
           ^^^^^^^^^^^^^^^^^^^^^^^^^^^^^^^^^^^^^^^^^^^^^^^^^^^^^^^
UnicodeEncodeError: 'charmap' codec can't encode character '\u2192' in position 18: character maps to <undefined>
